test_binaries/test_circ_queue.exe
Circular queue init test passed
Circular queue basic enqueue/dequeue test passed
Circular queue underflow test passed
Circular queue overflow test passed
Circular queue wraparound test passed
All circular queue tests passed
test_binaries/test_bst.exe
BST insert and count test passed
BST duplicate insert test passed
BST balanced height test passed
BST skewed height test passed
BST empty tree test passed
BST delete leaf test passed
BST delete single child test passed
BST delete two children test passed
BST delete nonexistent node test passed
All BST tests passed
test_binaries/test_search.exe
Linear search tests passed
Binary search tests passed
Interpolation search tests passed
Jump search tests passed
All search tests passed
test_binaries/test_hash_func.exe
Hash range test passed
Hash determinism test passed
Hash basic behavior test passed
All hash function tests passed
test_binaries/test_sll.exe
sll Insert tests passed
sll Delete at beginning tests passed
sll Delete at end tests passed
sll Delete by value tests passed
sll Search tests passed
sll Reverse tests passed
sll Insert at position tests passed
sll Delete at position tests passed
sll Edge case tests passed
All SLL tests passed
test_binaries/test_dll.exe
DLL insert tests passed
DLL delete beginning tests passed
DLL delete end tests passed
DLL delete by value tests passed
DLL search tests passed
DLL reverse tests passed
DLL insert at position tests passed
DLL delete at position tests passed
DLL edge case tests passed
All DLL tests passed
test_binaries/test_array.exe
Array swap adjacent pairs test passed
Array swap odd length test passed
Array reverse test passed
Array reverse single element test passed
Array max element test passed
Array min element test passed
Array negative value test passed
All array tests passed
test_binaries/test_stack.exe
test_push_pop_lifo passed.
test_pop_empty passed.
test_peek_no_remove passed.
test_isEmpty passed.
test_destroy_nonEmpty passed.
Stack is empty.
test_printStack_empty passed.
test_printStack_nonempty passed.
Stack is empty.
test_printStackAsInts_empty passed.
test_printStackAsInts_nonempty passed.
All stack tests passed.
test_binaries/test_tbt.exe
TBT insert success test passed
TBT duplicate insert test passed
TBT invalid input test passed
TBT leftmost node test passed
TBT empty tree test passed
TBT create node test passed
All TBT tests passed
test_binaries/test_priority_queue.exe
Priority queue init test passed
Inserted :5
Before Heapify:

Array Representation: [5]
Heap Tree:
            5                    


Inserted :3
Before Heapify:

Array Representation: [5,3]
Heap Tree:
            5                    

        3               


Heapify Up : Swap(3<->5)

After Heapify:

Array Representation: [3,5]
Heap Tree:
            3                    

        5               


Inserted :8
Before Heapify:

Array Representation: [3,5,8]
Heap Tree:
            3                    

        5               8               


Inserted :1
Before Heapify:

Array Representation: [3,5,8,1]
Heap Tree:
            3                    

        5               8               

    1          


Heapify Up : Swap(1<->5)

After Heapify:

Array Representation: [3,1,8,5]
Heap Tree:
            3                    

        1               8               

    5          


Heapify Up : Swap(1<->3)

After Heapify:

Array Representation: [1,3,8,5]
Heap Tree:
            1                    

        3               8               

    5          


Priority queue min heap test passed
Inserted :5
Before Heapify:

Array Representation: [5]
Heap Tree:
            5                    


Inserted :3
Before Heapify:

Array Representation: [5,3]
Heap Tree:
            5                    

        3               


Inserted :8
Before Heapify:

Array Representation: [5,3,8]
Heap Tree:
            5                    

        3               8               


Heapify Up : Swap(8<->5)

After Heapify:

Array Representation: [8,3,5]
Heap Tree:
            8                    

        3               5               


Inserted :1
Before Heapify:

Array Representation: [8,3,5,1]
Heap Tree:
            8                    

        3               5               

    1          


Priority queue max heap test passed
Inserted :10
Before Heapify:

Array Representation: [10]
Heap Tree:
            10                    


Inserted :5
Before Heapify:

Array Representation: [10,5]
Heap Tree:
            10                    

        5               


Heapify Up : Swap(5<->10)

After Heapify:

Array Representation: [5,10]
Heap Tree:
            5                    

        10               


Inserted :20
Before Heapify:

Array Representation: [5,10,20]
Heap Tree:
            5                    

        10               20               


Priority queue peek test passed
Priority queue empty heap test passed
Inserted :10
Before Heapify:

Array Representation: [10]
Heap Tree:
            10                    


Inserted :10
Before Heapify:

Array Representation: [10,10]
Heap Tree:
            10                    

        10               


Inserted :10
Before Heapify:

Array Representation: [10,10,10]
Heap Tree:
            10                    

        10               10               


Priority queue duplicate values test passed
Inserted :0
Before Heapify:

Array Representation: [0]
Heap Tree:
            0                    


Inserted :1
Before Heapify:

Array Representation: [0,1]
Heap Tree:
            0                    

        1               


Inserted :2
Before Heapify:

Array Representation: [0,1,2]
Heap Tree:
            0                    

        1               2               


Inserted :3
Before Heapify:

Array Representation: [0,1,2,3]
Heap Tree:
            0                    

        1               2               

    3          


Inserted :4
Before Heapify:

Array Representation: [0,1,2,3,4]
Heap Tree:
            0                    

        1               2               

    3          4          


Inserted :5
Before Heapify:

Array Representation: [0,1,2,3,4,5]
Heap Tree:
            0                    

        1               2               

    3          4          5          


Inserted :6
Before Heapify:

Array Representation: [0,1,2,3,4,5,6]
Heap Tree:
            0                    

        1               2               

    3          4          5          6          


Inserted :7
Before Heapify:

Array Representation: [0,1,2,3,4,5,6,7]
Heap Tree:
            0                    

        1               2               

    3          4          5          6          

7     


Inserted :8
Before Heapify:

Array Representation: [0,1,2,3,4,5,6,7,8]
Heap Tree:
            0                    

        1               2               

    3          4          5          6          

7     8     


Inserted :9
Before Heapify:

Array Representation: [0,1,2,3,4,5,6,7,8,9]
Heap Tree:
            0                    

        1               2               

    3          4          5          6          

7     8     9     


Inserted :10
Before Heapify:

Array Representation: [0,1,2,3,4,5,6,7,8,9,10]
Heap Tree:
            0                    

        1               2               

    3          4          5          6          

7     8     9     10     


Inserted :11
Before Heapify:

Array Representation: [0,1,2,3,4,5,6,7,8,9,10,11]
Heap Tree:
            0                    

        1               2               

    3          4          5          6          

7     8     9     10     11     


Inserted :12
Before Heapify:

Array Representation: [0,1,2,3,4,5,6,7,8,9,10,11,12]
Heap Tree:
            0                    

        1               2               

    3          4          5          6          

7     8     9     10     11     12     


Inserted :13
Before Heapify:

Array Representation: [0,1,2,3,4,5,6,7,8,9,10,11,12,13]
Heap Tree:
            0                    

        1               2               

    3          4          5          6          

7     8     9     10     11     12     13     


Inserted :14
Before Heapify:

Array Representation: [0,1,2,3,4,5,6,7,8,9,10,11,12,13,14]
Heap Tree:
            0                    

        1               2               

    3          4          5          6          

7     8     9     10     11     12     13     14     


Inserted :15
Before Heapify:

Array Representation: [0,1,2,3,4,5,6,7,8,9,10,11,12,13,14,15]
Heap Tree:
            0                    

        1               2               

    3          4          5          6          

7     8     9     10     11     12     13     14     

15


Inserted :16
Before Heapify:

Array Representation: [0,1,2,3,4,5,6,7,8,9,10,11,12,13,14,15,16]
Heap Tree:
            0                    

        1               2               

    3          4          5          6          

7     8     9     10     11     12     13     14     

1516


Inserted :17
Before Heapify:

Array Representation: [0,1,2,3,4,5,6,7,8,9,10,11,12,13,14,15,16,17]
Heap Tree:
            0                    

        1               2               

    3          4          5          6          

7     8     9     10     11     12     13     14     

151617


Inserted :18
Before Heapify:

Array Representation: [0,1,2,3,4,5,6,7,8,9,10,11,12,13,14,15,16,17,18]
Heap Tree:
            0                    

        1               2               

    3          4          5          6          

7     8     9     10     11     12     13     14     

15161718


Inserted :19
Before Heapify:

Array Representation: [0,1,2,3,4,5,6,7,8,9,10,11,12,13,14,15,16,17,18,19]
Heap Tree:
            0                    

        1               2               

    3          4          5          6          

7     8     9     10     11     12     13     14     

1516171819


Inserted :20
Before Heapify:

Array Representation: [0,1,2,3,4,5,6,7,8,9,10,11,12,13,14,15,16,17,18,19,20]
Heap Tree:
            0                    

        1               2               

    3          4          5          6          

7     8     9     10     11     12     13     14     

151617181920


Inserted :21
Before Heapify:

Array Representation: [0,1,2,3,4,5,6,7,8,9,10,11,12,13,14,15,16,17,18,19,20,21]
Heap Tree:
            0                    

        1               2               

    3          4          5          6          

7     8     9     10     11     12     13     14     

15161718192021


Inserted :22
Before Heapify:

Array Representation: [0,1,2,3,4,5,6,7,8,9,10,11,12,13,14,15,16,17,18,19,20,21,22]
Heap Tree:
            0                    

        1               2               

    3          4          5          6          

7     8     9     10     11     12     13     14     

1516171819202122


Inserted :23
Before Heapify:

Array Representation: [0,1,2,3,4,5,6,7,8,9,10,11,12,13,14,15,16,17,18,19,20,21,22,23]
Heap Tree:
            0                    

        1               2               

    3          4          5          6          

7     8     9     10     11     12     13     14     

151617181920212223


Inserted :24
Before Heapify:

Array Representation: [0,1,2,3,4,5,6,7,8,9,10,11,12,13,14,15,16,17,18,19,20,21,22,23,24]
Heap Tree:
            0                    

        1               2               

    3          4          5          6          

7     8     9     10     11     12     13     14     

15161718192021222324


Inserted :25
Before Heapify:

Array Representation: [0,1,2,3,4,5,6,7,8,9,10,11,12,13,14,15,16,17,18,19,20,21,22,23,24,25]
Heap Tree:
            0                    

        1               2               

    3          4          5          6          

7     8     9     10     11     12     13     14     

1516171819202122232425


Inserted :26
Before Heapify:

Array Representation: [0,1,2,3,4,5,6,7,8,9,10,11,12,13,14,15,16,17,18,19,20,21,22,23,24,25,26]
Heap Tree:
            0                    

        1               2               

    3          4          5          6          

7     8     9     10     11     12     13     14     

151617181920212223242526


Inserted :27
Before Heapify:

Array Representation: [0,1,2,3,4,5,6,7,8,9,10,11,12,13,14,15,16,17,18,19,20,21,22,23,24,25,26,27]
Heap Tree:
            0                    

        1               2               

    3          4          5          6          

7     8     9     10     11     12     13     14     

15161718192021222324252627


Inserted :28
Before Heapify:

Array Representation: [0,1,2,3,4,5,6,7,8,9,10,11,12,13,14,15,16,17,18,19,20,21,22,23,24,25,26,27,28]
Heap Tree:
            0                    

        1               2               

    3          4          5          6          

7     8     9     10     11     12     13     14     

1516171819202122232425262728


Inserted :29
Before Heapify:

Array Representation: [0,1,2,3,4,5,6,7,8,9,10,11,12,13,14,15,16,17,18,19,20,21,22,23,24,25,26,27,28,29]
Heap Tree:
            0                    

        1               2               

    3          4          5          6          

7     8     9     10     11     12     13     14     

151617181920212223242526272829


Inserted :30
Before Heapify:

Array Representation: [0,1,2,3,4,5,6,7,8,9,10,11,12,13,14,15,16,17,18,19,20,21,22,23,24,25,26,27,28,29,30]
Heap Tree:
            0                    

        1               2               

    3          4          5          6          

7     8     9     10     11     12     13     14     

15161718192021222324252627282930


Inserted :31
Before Heapify:

Array Representation: [0,1,2,3,4,5,6,7,8,9,10,11,12,13,14,15,16,17,18,19,20,21,22,23,24,25,26,27,28,29,30,31]
Heap Tree:
            0                    

        1               2               

    3          4          5          6          

7     8     9     10     11     12     13     14     

15161718192021222324252627282930

31


Inserted :32
Before Heapify:

Array Representation: [0,1,2,3,4,5,6,7,8,9,10,11,12,13,14,15,16,17,18,19,20,21,22,23,24,25,26,27,28,29,30,31,32]
Heap Tree:
            0                    

        1               2               

    3          4          5          6          

7     8     9     10     11     12     13     14     

15161718192021222324252627282930

3132


Inserted :33
Before Heapify:

Array Representation: [0,1,2,3,4,5,6,7,8,9,10,11,12,13,14,15,16,17,18,19,20,21,22,23,24,25,26,27,28,29,30,31,32,33]
Heap Tree:
            0                    

        1               2               

    3          4          5          6          

7     8     9     10     11     12     13     14     

15161718192021222324252627282930

313233


Inserted :34
Before Heapify:

Array Representation: [0,1,2,3,4,5,6,7,8,9,10,11,12,13,14,15,16,17,18,19,20,21,22,23,24,25,26,27,28,29,30,31,32,33,34]
Heap Tree:
            0                    

        1               2               

    3          4          5          6          

7     8     9     10     11     12     13     14     

15161718192021222324252627282930

31323334


Inserted :35
Before Heapify:

Array Representation: [0,1,2,3,4,5,6,7,8,9,10,11,12,13,14,15,16,17,18,19,20,21,22,23,24,25,26,27,28,29,30,31,32,33,34,35]
Heap Tree:
            0                    

        1               2               

    3          4          5          6          

7     8     9     10     11     12     13     14     

15161718192021222324252627282930

3132333435


Inserted :36
Before Heapify:

Array Representation: [0,1,2,3,4,5,6,7,8,9,10,11,12,13,14,15,16,17,18,19,20,21,22,23,24,25,26,27,28,29,30,31,32,33,34,35,36]
Heap Tree:
            0                    

        1               2               

    3          4          5          6          

7     8     9     10     11     12     13     14     

15161718192021222324252627282930

313233343536


Inserted :37
Before Heapify:

Array Representation: [0,1,2,3,4,5,6,7,8,9,10,11,12,13,14,15,16,17,18,19,20,21,22,23,24,25,26,27,28,29,30,31,32,33,34,35,36,37]
Heap Tree:
            0                    

        1               2               

    3          4          5          6          

7     8     9     10     11     12     13     14     

15161718192021222324252627282930

31323334353637


Inserted :38
Before Heapify:

Array Representation: [0,1,2,3,4,5,6,7,8,9,10,11,12,13,14,15,16,17,18,19,20,21,22,23,24,25,26,27,28,29,30,31,32,33,34,35,36,37,38]
Heap Tree:
            0                    

        1               2               

    3          4          5          6          

7     8     9     10     11     12     13     14     

15161718192021222324252627282930

3132333435363738


Inserted :39
Before Heapify:

Array Representation: [0,1,2,3,4,5,6,7,8,9,10,11,12,13,14,15,16,17,18,19,20,21,22,23,24,25,26,27,28,29,30,31,32,33,34,35,36,37,38,39]
Heap Tree:
            0                    

        1               2               

    3          4          5          6          

7     8     9     10     11     12     13     14     

15161718192021222324252627282930

313233343536373839


Inserted :40
Before Heapify:

Array Representation: [0,1,2,3,4,5,6,7,8,9,10,11,12,13,14,15,16,17,18,19,20,21,22,23,24,25,26,27,28,29,30,31,32,33,34,35,36,37,38,39,40]
Heap Tree:
            0                    

        1               2               

    3          4          5          6          

7     8     9     10     11     12     13     14     

15161718192021222324252627282930

31323334353637383940


Inserted :41
Before Heapify:

Array Representation: [0,1,2,3,4,5,6,7,8,9,10,11,12,13,14,15,16,17,18,19,20,21,22,23,24,25,26,27,28,29,30,31,32,33,34,35,36,37,38,39,40,41]
Heap Tree:
            0                    

        1               2               

    3          4          5          6          

7     8     9     10     11     12     13     14     

15161718192021222324252627282930

3132333435363738394041


Inserted :42
Before Heapify:

Array Representation: [0,1,2,3,4,5,6,7,8,9,10,11,12,13,14,15,16,17,18,19,20,21,22,23,24,25,26,27,28,29,30,31,32,33,34,35,36,37,38,39,40,41,42]
Heap Tree:
            0                    

        1               2               

    3          4          5          6          

7     8     9     10     11     12     13     14     

15161718192021222324252627282930

313233343536373839404142


Inserted :43
Before Heapify:

Array Representation: [0,1,2,3,4,5,6,7,8,9,10,11,12,13,14,15,16,17,18,19,20,21,22,23,24,25,26,27,28,29,30,31,32,33,34,35,36,37,38,39,40,41,42,43]
Heap Tree:
            0                    

        1               2               

    3          4          5          6          

7     8     9     10     11     12     13     14     

15161718192021222324252627282930

31323334353637383940414243


Inserted :44
Before Heapify:

Array Representation: [0,1,2,3,4,5,6,7,8,9,10,11,12,13,14,15,16,17,18,19,20,21,22,23,24,25,26,27,28,29,30,31,32,33,34,35,36,37,38,39,40,41,42,43,44]
Heap Tree:
            0                    

        1               2               

    3          4          5          6          

7     8     9     10     11     12     13     14     

15161718192021222324252627282930

3132333435363738394041424344


Inserted :45
Before Heapify:

Array Representation: [0,1,2,3,4,5,6,7,8,9,10,11,12,13,14,15,16,17,18,19,20,21,22,23,24,25,26,27,28,29,30,31,32,33,34,35,36,37,38,39,40,41,42,43,44,45]
Heap Tree:
            0                    

        1               2               

    3          4          5          6          

7     8     9     10     11     12     13     14     

15161718192021222324252627282930

313233343536373839404142434445


Inserted :46
Before Heapify:

Array Representation: [0,1,2,3,4,5,6,7,8,9,10,11,12,13,14,15,16,17,18,19,20,21,22,23,24,25,26,27,28,29,30,31,32,33,34,35,36,37,38,39,40,41,42,43,44,45,46]
Heap Tree:
            0                    

        1               2               

    3          4          5          6          

7     8     9     10     11     12     13     14     

15161718192021222324252627282930

31323334353637383940414243444546


Inserted :47
Before Heapify:

Array Representation: [0,1,2,3,4,5,6,7,8,9,10,11,12,13,14,15,16,17,18,19,20,21,22,23,24,25,26,27,28,29,30,31,32,33,34,35,36,37,38,39,40,41,42,43,44,45,46,47]
Heap Tree:
            0                    

        1               2               

    3          4          5          6          

7     8     9     10     11     12     13     14     

15161718192021222324252627282930

3132333435363738394041424344454647


Inserted :48
Before Heapify:

Array Representation: [0,1,2,3,4,5,6,7,8,9,10,11,12,13,14,15,16,17,18,19,20,21,22,23,24,25,26,27,28,29,30,31,32,33,34,35,36,37,38,39,40,41,42,43,44,45,46,47,48]
Heap Tree:
            0                    

        1               2               

    3          4          5          6          

7     8     9     10     11     12     13     14     

15161718192021222324252627282930

313233343536373839404142434445464748


Inserted :49
Before Heapify:

Array Representation: [0,1,2,3,4,5,6,7,8,9,10,11,12,13,14,15,16,17,18,19,20,21,22,23,24,25,26,27,28,29,30,31,32,33,34,35,36,37,38,39,40,41,42,43,44,45,46,47,48,49]
Heap Tree:
            0                    

        1               2               

    3          4          5          6          

7     8     9     10     11     12     13     14     

15161718192021222324252627282930

31323334353637383940414243444546474849


Inserted :50
Before Heapify:

Array Representation: [0,1,2,3,4,5,6,7,8,9,10,11,12,13,14,15,16,17,18,19,20,21,22,23,24,25,26,27,28,29,30,31,32,33,34,35,36,37,38,39,40,41,42,43,44,45,46,47,48,49,50]
Heap Tree:
            0                    

        1               2               

    3          4          5          6          

7     8     9     10     11     12     13     14     

15161718192021222324252627282930

3132333435363738394041424344454647484950


Inserted :51
Before Heapify:

Array Representation: [0,1,2,3,4,5,6,7,8,9,10,11,12,13,14,15,16,17,18,19,20,21,22,23,24,25,26,27,28,29,30,31,32,33,34,35,36,37,38,39,40,41,42,43,44,45,46,47,48,49,50,51]
Heap Tree:
            0                    

        1               2               

    3          4          5          6          

7     8     9     10     11     12     13     14     

15161718192021222324252627282930

313233343536373839404142434445464748495051


Inserted :52
Before Heapify:

Array Representation: [0,1,2,3,4,5,6,7,8,9,10,11,12,13,14,15,16,17,18,19,20,21,22,23,24,25,26,27,28,29,30,31,32,33,34,35,36,37,38,39,40,41,42,43,44,45,46,47,48,49,50,51,52]
Heap Tree:
            0                    

        1               2               

    3          4          5          6          

7     8     9     10     11     12     13     14     

15161718192021222324252627282930

31323334353637383940414243444546474849505152


Inserted :53
Before Heapify:

Array Representation: [0,1,2,3,4,5,6,7,8,9,10,11,12,13,14,15,16,17,18,19,20,21,22,23,24,25,26,27,28,29,30,31,32,33,34,35,36,37,38,39,40,41,42,43,44,45,46,47,48,49,50,51,52,53]
Heap Tree:
            0                    

        1               2               

    3          4          5          6          

7     8     9     10     11     12     13     14     

15161718192021222324252627282930

3132333435363738394041424344454647484950515253


Inserted :54
Before Heapify:

Array Representation: [0,1,2,3,4,5,6,7,8,9,10,11,12,13,14,15,16,17,18,19,20,21,22,23,24,25,26,27,28,29,30,31,32,33,34,35,36,37,38,39,40,41,42,43,44,45,46,47,48,49,50,51,52,53,54]
Heap Tree:
            0                    

        1               2               

    3          4          5          6          

7     8     9     10     11     12     13     14     

15161718192021222324252627282930

313233343536373839404142434445464748495051525354


Inserted :55
Before Heapify:

Array Representation: [0,1,2,3,4,5,6,7,8,9,10,11,12,13,14,15,16,17,18,19,20,21,22,23,24,25,26,27,28,29,30,31,32,33,34,35,36,37,38,39,40,41,42,43,44,45,46,47,48,49,50,51,52,53,54,55]
Heap Tree:
            0                    

        1               2               

    3          4          5          6          

7     8     9     10     11     12     13     14     

15161718192021222324252627282930

31323334353637383940414243444546474849505152535455


Inserted :56
Before Heapify:

Array Representation: [0,1,2,3,4,5,6,7,8,9,10,11,12,13,14,15,16,17,18,19,20,21,22,23,24,25,26,27,28,29,30,31,32,33,34,35,36,37,38,39,40,41,42,43,44,45,46,47,48,49,50,51,52,53,54,55,56]
Heap Tree:
            0                    

        1               2               

    3          4          5          6          

7     8     9     10     11     12     13     14     

15161718192021222324252627282930

3132333435363738394041424344454647484950515253545556


Inserted :57
Before Heapify:

Array Representation: [0,1,2,3,4,5,6,7,8,9,10,11,12,13,14,15,16,17,18,19,20,21,22,23,24,25,26,27,28,29,30,31,32,33,34,35,36,37,38,39,40,41,42,43,44,45,46,47,48,49,50,51,52,53,54,55,56,57]
Heap Tree:
            0                    

        1               2               

    3          4          5          6          

7     8     9     10     11     12     13     14     

15161718192021222324252627282930

313233343536373839404142434445464748495051525354555657


Inserted :58
Before Heapify:

Array Representation: [0,1,2,3,4,5,6,7,8,9,10,11,12,13,14,15,16,17,18,19,20,21,22,23,24,25,26,27,28,29,30,31,32,33,34,35,36,37,38,39,40,41,42,43,44,45,46,47,48,49,50,51,52,53,54,55,56,57,58]
Heap Tree:
            0                    

        1               2               

    3          4          5          6          

7     8     9     10     11     12     13     14     

15161718192021222324252627282930

31323334353637383940414243444546474849505152535455565758


Inserted :59
Before Heapify:

Array Representation: [0,1,2,3,4,5,6,7,8,9,10,11,12,13,14,15,16,17,18,19,20,21,22,23,24,25,26,27,28,29,30,31,32,33,34,35,36,37,38,39,40,41,42,43,44,45,46,47,48,49,50,51,52,53,54,55,56,57,58,59]
Heap Tree:
            0                    

        1               2               

    3          4          5          6          

7     8     9     10     11     12     13     14     

15161718192021222324252627282930

3132333435363738394041424344454647484950515253545556575859


Inserted :60
Before Heapify:

Array Representation: [0,1,2,3,4,5,6,7,8,9,10,11,12,13,14,15,16,17,18,19,20,21,22,23,24,25,26,27,28,29,30,31,32,33,34,35,36,37,38,39,40,41,42,43,44,45,46,47,48,49,50,51,52,53,54,55,56,57,58,59,60]
Heap Tree:
            0                    

        1               2               

    3          4          5          6          

7     8     9     10     11     12     13     14     

15161718192021222324252627282930

313233343536373839404142434445464748495051525354555657585960


Inserted :61
Before Heapify:

Array Representation: [0,1,2,3,4,5,6,7,8,9,10,11,12,13,14,15,16,17,18,19,20,21,22,23,24,25,26,27,28,29,30,31,32,33,34,35,36,37,38,39,40,41,42,43,44,45,46,47,48,49,50,51,52,53,54,55,56,57,58,59,60,61]
Heap Tree:
            0                    

        1               2               

    3          4          5          6          

7     8     9     10     11     12     13     14     

15161718192021222324252627282930

31323334353637383940414243444546474849505152535455565758596061


Inserted :62
Before Heapify:

Array Representation: [0,1,2,3,4,5,6,7,8,9,10,11,12,13,14,15,16,17,18,19,20,21,22,23,24,25,26,27,28,29,30,31,32,33,34,35,36,37,38,39,40,41,42,43,44,45,46,47,48,49,50,51,52,53,54,55,56,57,58,59,60,61,62]
Heap Tree:
            0                    

        1               2               

    3          4          5          6          

7     8     9     10     11     12     13     14     

15161718192021222324252627282930

3132333435363738394041424344454647484950515253545556575859606162


Inserted :63
Before Heapify:

Array Representation: [0,1,2,3,4,5,6,7,8,9,10,11,12,13,14,15,16,17,18,19,20,21,22,23,24,25,26,27,28,29,30,31,32,33,34,35,36,37,38,39,40,41,42,43,44,45,46,47,48,49,50,51,52,53,54,55,56,57,58,59,60,61,62,63]
Heap Tree:
            0                    

        1               2               

    3          4          5          6          

7     8     9     10     11     12     13     14     

15161718192021222324252627282930

3132333435363738394041424344454647484950515253545556575859606162

63


Inserted :64
Before Heapify:

Array Representation: [0,1,2,3,4,5,6,7,8,9,10,11,12,13,14,15,16,17,18,19,20,21,22,23,24,25,26,27,28,29,30,31,32,33,34,35,36,37,38,39,40,41,42,43,44,45,46,47,48,49,50,51,52,53,54,55,56,57,58,59,60,61,62,63,64]
Heap Tree:
            0                    

        1               2               

    3          4          5          6          

7     8     9     10     11     12     13     14     

15161718192021222324252627282930

3132333435363738394041424344454647484950515253545556575859606162

6364


Inserted :65
Before Heapify:

Array Representation: [0,1,2,3,4,5,6,7,8,9,10,11,12,13,14,15,16,17,18,19,20,21,22,23,24,25,26,27,28,29,30,31,32,33,34,35,36,37,38,39,40,41,42,43,44,45,46,47,48,49,50,51,52,53,54,55,56,57,58,59,60,61,62,63,64,65]
Heap Tree:
            0                    

        1               2               

    3          4          5          6          

7     8     9     10     11     12     13     14     

15161718192021222324252627282930

3132333435363738394041424344454647484950515253545556575859606162

636465


Inserted :66
Before Heapify:

Array Representation: [0,1,2,3,4,5,6,7,8,9,10,11,12,13,14,15,16,17,18,19,20,21,22,23,24,25,26,27,28,29,30,31,32,33,34,35,36,37,38,39,40,41,42,43,44,45,46,47,48,49,50,51,52,53,54,55,56,57,58,59,60,61,62,63,64,65,66]
Heap Tree:
            0                    

        1               2               

    3          4          5          6          

7     8     9     10     11     12     13     14     

15161718192021222324252627282930

3132333435363738394041424344454647484950515253545556575859606162

63646566


Inserted :67
Before Heapify:

Array Representation: [0,1,2,3,4,5,6,7,8,9,10,11,12,13,14,15,16,17,18,19,20,21,22,23,24,25,26,27,28,29,30,31,32,33,34,35,36,37,38,39,40,41,42,43,44,45,46,47,48,49,50,51,52,53,54,55,56,57,58,59,60,61,62,63,64,65,66,67]
Heap Tree:
            0                    

        1               2               

    3          4          5          6          

7     8     9     10     11     12     13     14     

15161718192021222324252627282930

3132333435363738394041424344454647484950515253545556575859606162

6364656667


Inserted :68
Before Heapify:

Array Representation: [0,1,2,3,4,5,6,7,8,9,10,11,12,13,14,15,16,17,18,19,20,21,22,23,24,25,26,27,28,29,30,31,32,33,34,35,36,37,38,39,40,41,42,43,44,45,46,47,48,49,50,51,52,53,54,55,56,57,58,59,60,61,62,63,64,65,66,67,68]
Heap Tree:
            0                    

        1               2               

    3          4          5          6          

7     8     9     10     11     12     13     14     

15161718192021222324252627282930

3132333435363738394041424344454647484950515253545556575859606162

636465666768


Inserted :69
Before Heapify:

Array Representation: [0,1,2,3,4,5,6,7,8,9,10,11,12,13,14,15,16,17,18,19,20,21,22,23,24,25,26,27,28,29,30,31,32,33,34,35,36,37,38,39,40,41,42,43,44,45,46,47,48,49,50,51,52,53,54,55,56,57,58,59,60,61,62,63,64,65,66,67,68,69]
Heap Tree:
            0                    

        1               2               

    3          4          5          6          

7     8     9     10     11     12     13     14     

15161718192021222324252627282930

3132333435363738394041424344454647484950515253545556575859606162

63646566676869


Inserted :70
Before Heapify:

Array Representation: [0,1,2,3,4,5,6,7,8,9,10,11,12,13,14,15,16,17,18,19,20,21,22,23,24,25,26,27,28,29,30,31,32,33,34,35,36,37,38,39,40,41,42,43,44,45,46,47,48,49,50,51,52,53,54,55,56,57,58,59,60,61,62,63,64,65,66,67,68,69,70]
Heap Tree:
            0                    

        1               2               

    3          4          5          6          

7     8     9     10     11     12     13     14     

15161718192021222324252627282930

3132333435363738394041424344454647484950515253545556575859606162

6364656667686970


Inserted :71
Before Heapify:

Array Representation: [0,1,2,3,4,5,6,7,8,9,10,11,12,13,14,15,16,17,18,19,20,21,22,23,24,25,26,27,28,29,30,31,32,33,34,35,36,37,38,39,40,41,42,43,44,45,46,47,48,49,50,51,52,53,54,55,56,57,58,59,60,61,62,63,64,65,66,67,68,69,70,71]
Heap Tree:
            0                    

        1               2               

    3          4          5          6          

7     8     9     10     11     12     13     14     

15161718192021222324252627282930

3132333435363738394041424344454647484950515253545556575859606162

636465666768697071


Inserted :72
Before Heapify:

Array Representation: [0,1,2,3,4,5,6,7,8,9,10,11,12,13,14,15,16,17,18,19,20,21,22,23,24,25,26,27,28,29,30,31,32,33,34,35,36,37,38,39,40,41,42,43,44,45,46,47,48,49,50,51,52,53,54,55,56,57,58,59,60,61,62,63,64,65,66,67,68,69,70,71,72]
Heap Tree:
            0                    

        1               2               

    3          4          5          6          

7     8     9     10     11     12     13     14     

15161718192021222324252627282930

3132333435363738394041424344454647484950515253545556575859606162

63646566676869707172


Inserted :73
Before Heapify:

Array Representation: [0,1,2,3,4,5,6,7,8,9,10,11,12,13,14,15,16,17,18,19,20,21,22,23,24,25,26,27,28,29,30,31,32,33,34,35,36,37,38,39,40,41,42,43,44,45,46,47,48,49,50,51,52,53,54,55,56,57,58,59,60,61,62,63,64,65,66,67,68,69,70,71,72,73]
Heap Tree:
            0                    

        1               2               

    3          4          5          6          

7     8     9     10     11     12     13     14     

15161718192021222324252627282930

3132333435363738394041424344454647484950515253545556575859606162

6364656667686970717273


Inserted :74
Before Heapify:

Array Representation: [0,1,2,3,4,5,6,7,8,9,10,11,12,13,14,15,16,17,18,19,20,21,22,23,24,25,26,27,28,29,30,31,32,33,34,35,36,37,38,39,40,41,42,43,44,45,46,47,48,49,50,51,52,53,54,55,56,57,58,59,60,61,62,63,64,65,66,67,68,69,70,71,72,73,74]
Heap Tree:
            0                    

        1               2               

    3          4          5          6          

7     8     9     10     11     12     13     14     

15161718192021222324252627282930

3132333435363738394041424344454647484950515253545556575859606162

636465666768697071727374


Inserted :75
Before Heapify:

Array Representation: [0,1,2,3,4,5,6,7,8,9,10,11,12,13,14,15,16,17,18,19,20,21,22,23,24,25,26,27,28,29,30,31,32,33,34,35,36,37,38,39,40,41,42,43,44,45,46,47,48,49,50,51,52,53,54,55,56,57,58,59,60,61,62,63,64,65,66,67,68,69,70,71,72,73,74,75]
Heap Tree:
            0                    

        1               2               

    3          4          5          6          

7     8     9     10     11     12     13     14     

15161718192021222324252627282930

3132333435363738394041424344454647484950515253545556575859606162

63646566676869707172737475


Inserted :76
Before Heapify:

Array Representation: [0,1,2,3,4,5,6,7,8,9,10,11,12,13,14,15,16,17,18,19,20,21,22,23,24,25,26,27,28,29,30,31,32,33,34,35,36,37,38,39,40,41,42,43,44,45,46,47,48,49,50,51,52,53,54,55,56,57,58,59,60,61,62,63,64,65,66,67,68,69,70,71,72,73,74,75,76]
Heap Tree:
            0                    

        1               2               

    3          4          5          6          

7     8     9     10     11     12     13     14     

15161718192021222324252627282930

3132333435363738394041424344454647484950515253545556575859606162

6364656667686970717273747576


Inserted :77
Before Heapify:

Array Representation: [0,1,2,3,4,5,6,7,8,9,10,11,12,13,14,15,16,17,18,19,20,21,22,23,24,25,26,27,28,29,30,31,32,33,34,35,36,37,38,39,40,41,42,43,44,45,46,47,48,49,50,51,52,53,54,55,56,57,58,59,60,61,62,63,64,65,66,67,68,69,70,71,72,73,74,75,76,77]
Heap Tree:
            0                    

        1               2               

    3          4          5          6          

7     8     9     10     11     12     13     14     

15161718192021222324252627282930

3132333435363738394041424344454647484950515253545556575859606162

636465666768697071727374757677


Inserted :78
Before Heapify:

Array Representation: [0,1,2,3,4,5,6,7,8,9,10,11,12,13,14,15,16,17,18,19,20,21,22,23,24,25,26,27,28,29,30,31,32,33,34,35,36,37,38,39,40,41,42,43,44,45,46,47,48,49,50,51,52,53,54,55,56,57,58,59,60,61,62,63,64,65,66,67,68,69,70,71,72,73,74,75,76,77,78]
Heap Tree:
            0                    

        1               2               

    3          4          5          6          

7     8     9     10     11     12     13     14     

15161718192021222324252627282930

3132333435363738394041424344454647484950515253545556575859606162

63646566676869707172737475767778


Inserted :79
Before Heapify:

Array Representation: [0,1,2,3,4,5,6,7,8,9,10,11,12,13,14,15,16,17,18,19,20,21,22,23,24,25,26,27,28,29,30,31,32,33,34,35,36,37,38,39,40,41,42,43,44,45,46,47,48,49,50,51,52,53,54,55,56,57,58,59,60,61,62,63,64,65,66,67,68,69,70,71,72,73,74,75,76,77,78,79]
Heap Tree:
            0                    

        1               2               

    3          4          5          6          

7     8     9     10     11     12     13     14     

15161718192021222324252627282930

3132333435363738394041424344454647484950515253545556575859606162

6364656667686970717273747576777879


Inserted :80
Before Heapify:

Array Representation: [0,1,2,3,4,5,6,7,8,9,10,11,12,13,14,15,16,17,18,19,20,21,22,23,24,25,26,27,28,29,30,31,32,33,34,35,36,37,38,39,40,41,42,43,44,45,46,47,48,49,50,51,52,53,54,55,56,57,58,59,60,61,62,63,64,65,66,67,68,69,70,71,72,73,74,75,76,77,78,79,80]
Heap Tree:
            0                    

        1               2               

    3          4          5          6          

7     8     9     10     11     12     13     14     

15161718192021222324252627282930

3132333435363738394041424344454647484950515253545556575859606162

636465666768697071727374757677787980


Inserted :81
Before Heapify:

Array Representation: [0,1,2,3,4,5,6,7,8,9,10,11,12,13,14,15,16,17,18,19,20,21,22,23,24,25,26,27,28,29,30,31,32,33,34,35,36,37,38,39,40,41,42,43,44,45,46,47,48,49,50,51,52,53,54,55,56,57,58,59,60,61,62,63,64,65,66,67,68,69,70,71,72,73,74,75,76,77,78,79,80,81]
Heap Tree:
            0                    

        1               2               

    3          4          5          6          

7     8     9     10     11     12     13     14     

15161718192021222324252627282930

3132333435363738394041424344454647484950515253545556575859606162

63646566676869707172737475767778798081


Inserted :82
Before Heapify:

Array Representation: [0,1,2,3,4,5,6,7,8,9,10,11,12,13,14,15,16,17,18,19,20,21,22,23,24,25,26,27,28,29,30,31,32,33,34,35,36,37,38,39,40,41,42,43,44,45,46,47,48,49,50,51,52,53,54,55,56,57,58,59,60,61,62,63,64,65,66,67,68,69,70,71,72,73,74,75,76,77,78,79,80,81,82]
Heap Tree:
            0                    

        1               2               

    3          4          5          6          

7     8     9     10     11     12     13     14     

15161718192021222324252627282930

3132333435363738394041424344454647484950515253545556575859606162

6364656667686970717273747576777879808182


Inserted :83
Before Heapify:

Array Representation: [0,1,2,3,4,5,6,7,8,9,10,11,12,13,14,15,16,17,18,19,20,21,22,23,24,25,26,27,28,29,30,31,32,33,34,35,36,37,38,39,40,41,42,43,44,45,46,47,48,49,50,51,52,53,54,55,56,57,58,59,60,61,62,63,64,65,66,67,68,69,70,71,72,73,74,75,76,77,78,79,80,81,82,83]
Heap Tree:
            0                    

        1               2               

    3          4          5          6          

7     8     9     10     11     12     13     14     

15161718192021222324252627282930

3132333435363738394041424344454647484950515253545556575859606162

636465666768697071727374757677787980818283


Inserted :84
Before Heapify:

Array Representation: [0,1,2,3,4,5,6,7,8,9,10,11,12,13,14,15,16,17,18,19,20,21,22,23,24,25,26,27,28,29,30,31,32,33,34,35,36,37,38,39,40,41,42,43,44,45,46,47,48,49,50,51,52,53,54,55,56,57,58,59,60,61,62,63,64,65,66,67,68,69,70,71,72,73,74,75,76,77,78,79,80,81,82,83,84]
Heap Tree:
            0                    

        1               2               

    3          4          5          6          

7     8     9     10     11     12     13     14     

15161718192021222324252627282930

3132333435363738394041424344454647484950515253545556575859606162

63646566676869707172737475767778798081828384


Inserted :85
Before Heapify:

Array Representation: [0,1,2,3,4,5,6,7,8,9,10,11,12,13,14,15,16,17,18,19,20,21,22,23,24,25,26,27,28,29,30,31,32,33,34,35,36,37,38,39,40,41,42,43,44,45,46,47,48,49,50,51,52,53,54,55,56,57,58,59,60,61,62,63,64,65,66,67,68,69,70,71,72,73,74,75,76,77,78,79,80,81,82,83,84,85]
Heap Tree:
            0                    

        1               2               

    3          4          5          6          

7     8     9     10     11     12     13     14     

15161718192021222324252627282930

3132333435363738394041424344454647484950515253545556575859606162

6364656667686970717273747576777879808182838485


Inserted :86
Before Heapify:

Array Representation: [0,1,2,3,4,5,6,7,8,9,10,11,12,13,14,15,16,17,18,19,20,21,22,23,24,25,26,27,28,29,30,31,32,33,34,35,36,37,38,39,40,41,42,43,44,45,46,47,48,49,50,51,52,53,54,55,56,57,58,59,60,61,62,63,64,65,66,67,68,69,70,71,72,73,74,75,76,77,78,79,80,81,82,83,84,85,86]
Heap Tree:
            0                    

        1               2               

    3          4          5          6          

7     8     9     10     11     12     13     14     

15161718192021222324252627282930

3132333435363738394041424344454647484950515253545556575859606162

636465666768697071727374757677787980818283848586


Inserted :87
Before Heapify:

Array Representation: [0,1,2,3,4,5,6,7,8,9,10,11,12,13,14,15,16,17,18,19,20,21,22,23,24,25,26,27,28,29,30,31,32,33,34,35,36,37,38,39,40,41,42,43,44,45,46,47,48,49,50,51,52,53,54,55,56,57,58,59,60,61,62,63,64,65,66,67,68,69,70,71,72,73,74,75,76,77,78,79,80,81,82,83,84,85,86,87]
Heap Tree:
            0                    

        1               2               

    3          4          5          6          

7     8     9     10     11     12     13     14     

15161718192021222324252627282930

3132333435363738394041424344454647484950515253545556575859606162

63646566676869707172737475767778798081828384858687


Inserted :88
Before Heapify:

Array Representation: [0,1,2,3,4,5,6,7,8,9,10,11,12,13,14,15,16,17,18,19,20,21,22,23,24,25,26,27,28,29,30,31,32,33,34,35,36,37,38,39,40,41,42,43,44,45,46,47,48,49,50,51,52,53,54,55,56,57,58,59,60,61,62,63,64,65,66,67,68,69,70,71,72,73,74,75,76,77,78,79,80,81,82,83,84,85,86,87,88]
Heap Tree:
            0                    

        1               2               

    3          4          5          6          

7     8     9     10     11     12     13     14     

15161718192021222324252627282930

3132333435363738394041424344454647484950515253545556575859606162

6364656667686970717273747576777879808182838485868788


Inserted :89
Before Heapify:

Array Representation: [0,1,2,3,4,5,6,7,8,9,10,11,12,13,14,15,16,17,18,19,20,21,22,23,24,25,26,27,28,29,30,31,32,33,34,35,36,37,38,39,40,41,42,43,44,45,46,47,48,49,50,51,52,53,54,55,56,57,58,59,60,61,62,63,64,65,66,67,68,69,70,71,72,73,74,75,76,77,78,79,80,81,82,83,84,85,86,87,88,89]
Heap Tree:
            0                    

        1               2               

    3          4          5          6          

7     8     9     10     11     12     13     14     

15161718192021222324252627282930

3132333435363738394041424344454647484950515253545556575859606162

636465666768697071727374757677787980818283848586878889


Inserted :90
Before Heapify:

Array Representation: [0,1,2,3,4,5,6,7,8,9,10,11,12,13,14,15,16,17,18,19,20,21,22,23,24,25,26,27,28,29,30,31,32,33,34,35,36,37,38,39,40,41,42,43,44,45,46,47,48,49,50,51,52,53,54,55,56,57,58,59,60,61,62,63,64,65,66,67,68,69,70,71,72,73,74,75,76,77,78,79,80,81,82,83,84,85,86,87,88,89,90]
Heap Tree:
            0                    

        1               2               

    3          4          5          6          

7     8     9     10     11     12     13     14     

15161718192021222324252627282930

3132333435363738394041424344454647484950515253545556575859606162

63646566676869707172737475767778798081828384858687888990


Inserted :91
Before Heapify:

Array Representation: [0,1,2,3,4,5,6,7,8,9,10,11,12,13,14,15,16,17,18,19,20,21,22,23,24,25,26,27,28,29,30,31,32,33,34,35,36,37,38,39,40,41,42,43,44,45,46,47,48,49,50,51,52,53,54,55,56,57,58,59,60,61,62,63,64,65,66,67,68,69,70,71,72,73,74,75,76,77,78,79,80,81,82,83,84,85,86,87,88,89,90,91]
Heap Tree:
            0                    

        1               2               

    3          4          5          6          

7     8     9     10     11     12     13     14     

15161718192021222324252627282930

3132333435363738394041424344454647484950515253545556575859606162

6364656667686970717273747576777879808182838485868788899091


Inserted :92
Before Heapify:

Array Representation: [0,1,2,3,4,5,6,7,8,9,10,11,12,13,14,15,16,17,18,19,20,21,22,23,24,25,26,27,28,29,30,31,32,33,34,35,36,37,38,39,40,41,42,43,44,45,46,47,48,49,50,51,52,53,54,55,56,57,58,59,60,61,62,63,64,65,66,67,68,69,70,71,72,73,74,75,76,77,78,79,80,81,82,83,84,85,86,87,88,89,90,91,92]
Heap Tree:
            0                    

        1               2               

    3          4          5          6          

7     8     9     10     11     12     13     14     

15161718192021222324252627282930

3132333435363738394041424344454647484950515253545556575859606162

636465666768697071727374757677787980818283848586878889909192


Inserted :93
Before Heapify:

Array Representation: [0,1,2,3,4,5,6,7,8,9,10,11,12,13,14,15,16,17,18,19,20,21,22,23,24,25,26,27,28,29,30,31,32,33,34,35,36,37,38,39,40,41,42,43,44,45,46,47,48,49,50,51,52,53,54,55,56,57,58,59,60,61,62,63,64,65,66,67,68,69,70,71,72,73,74,75,76,77,78,79,80,81,82,83,84,85,86,87,88,89,90,91,92,93]
Heap Tree:
            0                    

        1               2               

    3          4          5          6          

7     8     9     10     11     12     13     14     

15161718192021222324252627282930

3132333435363738394041424344454647484950515253545556575859606162

63646566676869707172737475767778798081828384858687888990919293


Inserted :94
Before Heapify:

Array Representation: [0,1,2,3,4,5,6,7,8,9,10,11,12,13,14,15,16,17,18,19,20,21,22,23,24,25,26,27,28,29,30,31,32,33,34,35,36,37,38,39,40,41,42,43,44,45,46,47,48,49,50,51,52,53,54,55,56,57,58,59,60,61,62,63,64,65,66,67,68,69,70,71,72,73,74,75,76,77,78,79,80,81,82,83,84,85,86,87,88,89,90,91,92,93,94]
Heap Tree:
            0                    

        1               2               

    3          4          5          6          

7     8     9     10     11     12     13     14     

15161718192021222324252627282930

3132333435363738394041424344454647484950515253545556575859606162

6364656667686970717273747576777879808182838485868788899091929394


Inserted :95
Before Heapify:

Array Representation: [0,1,2,3,4,5,6,7,8,9,10,11,12,13,14,15,16,17,18,19,20,21,22,23,24,25,26,27,28,29,30,31,32,33,34,35,36,37,38,39,40,41,42,43,44,45,46,47,48,49,50,51,52,53,54,55,56,57,58,59,60,61,62,63,64,65,66,67,68,69,70,71,72,73,74,75,76,77,78,79,80,81,82,83,84,85,86,87,88,89,90,91,92,93,94,95]
Heap Tree:
            0                    

        1               2               

    3          4          5          6          

7     8     9     10     11     12     13     14     

15161718192021222324252627282930

3132333435363738394041424344454647484950515253545556575859606162

636465666768697071727374757677787980818283848586878889909192939495


Inserted :96
Before Heapify:

Array Representation: [0,1,2,3,4,5,6,7,8,9,10,11,12,13,14,15,16,17,18,19,20,21,22,23,24,25,26,27,28,29,30,31,32,33,34,35,36,37,38,39,40,41,42,43,44,45,46,47,48,49,50,51,52,53,54,55,56,57,58,59,60,61,62,63,64,65,66,67,68,69,70,71,72,73,74,75,76,77,78,79,80,81,82,83,84,85,86,87,88,89,90,91,92,93,94,95,96]
Heap Tree:
            0                    

        1               2               

    3          4          5          6          

7     8     9     10     11     12     13     14     

15161718192021222324252627282930

3132333435363738394041424344454647484950515253545556575859606162

63646566676869707172737475767778798081828384858687888990919293949596


Inserted :97
Before Heapify:

Array Representation: [0,1,2,3,4,5,6,7,8,9,10,11,12,13,14,15,16,17,18,19,20,21,22,23,24,25,26,27,28,29,30,31,32,33,34,35,36,37,38,39,40,41,42,43,44,45,46,47,48,49,50,51,52,53,54,55,56,57,58,59,60,61,62,63,64,65,66,67,68,69,70,71,72,73,74,75,76,77,78,79,80,81,82,83,84,85,86,87,88,89,90,91,92,93,94,95,96,97]
Heap Tree:
            0                    

        1               2               

    3          4          5          6          

7     8     9     10     11     12     13     14     

15161718192021222324252627282930

3132333435363738394041424344454647484950515253545556575859606162

6364656667686970717273747576777879808182838485868788899091929394959697


Inserted :98
Before Heapify:

Array Representation: [0,1,2,3,4,5,6,7,8,9,10,11,12,13,14,15,16,17,18,19,20,21,22,23,24,25,26,27,28,29,30,31,32,33,34,35,36,37,38,39,40,41,42,43,44,45,46,47,48,49,50,51,52,53,54,55,56,57,58,59,60,61,62,63,64,65,66,67,68,69,70,71,72,73,74,75,76,77,78,79,80,81,82,83,84,85,86,87,88,89,90,91,92,93,94,95,96,97,98]
Heap Tree:
            0                    

        1               2               

    3          4          5          6          

7     8     9     10     11     12     13     14     

15161718192021222324252627282930

3132333435363738394041424344454647484950515253545556575859606162

636465666768697071727374757677787980818283848586878889909192939495969798


Inserted :99
Before Heapify:

Array Representation: [0,1,2,3,4,5,6,7,8,9,10,11,12,13,14,15,16,17,18,19,20,21,22,23,24,25,26,27,28,29,30,31,32,33,34,35,36,37,38,39,40,41,42,43,44,45,46,47,48,49,50,51,52,53,54,55,56,57,58,59,60,61,62,63,64,65,66,67,68,69,70,71,72,73,74,75,76,77,78,79,80,81,82,83,84,85,86,87,88,89,90,91,92,93,94,95,96,97,98,99]
Heap Tree:
            0                    

        1               2               

    3          4          5          6          

7     8     9     10     11     12     13     14     

15161718192021222324252627282930

3132333435363738394041424344454647484950515253545556575859606162

63646566676869707172737475767778798081828384858687888990919293949596979899


Priority queue overflow test passed
Inserted :10
Before Heapify:

Array Representation: [10]
Heap Tree:
            10                    


Inserted :5
Before Heapify:

Array Representation: [10,5]
Heap Tree:
            10                    

        5               


Heapify Up : Swap(5<->10)

After Heapify:

Array Representation: [5,10]
Heap Tree:
            5                    

        10               


Inserted :3
Before Heapify:

Array Representation: [10,3]
Heap Tree:
            10                    

        3               


Heapify Up : Swap(3<->10)

After Heapify:

Array Representation: [3,10]
Heap Tree:
            3                    

        10               


Inserted :20
Before Heapify:

Array Representation: [10,20]
Heap Tree:
            10                    

        20               


Priority queue alternating operations test passed

All priority queue tests passed
test_binaries/test_scll.exe
scll insert begin/end tests passed
scll insert at position tests passed
scll delete begin/end tests passed
scll delete by value tests passed
scll delete at position tests passed
scll search and length tests passed
scll edge case tests passed
scll destroy tests passed
All SCLL tests passed
test_binaries/test_dcll.exe
dcll insert begin/end tests passed
dcll insert at position tests passed
dcll delete begin/end tests passed
dcll delete by value tests passed
dcll delete at position tests passed
dcll search and length tests passed
dcll edge case tests passed
dcll prev pointer tests passed
dcll destroy tests passed
All DCLL tests passed
test_binaries/test_simple_queue.exe
Simple queue init test passed
Simple queue basic enqueue/dequeue test passed
Simple queue underflow test passed
Simple queue overflow test passed
Simple queue false-overflow (linear limitation) test passed
Simple queue FIFO order test passed
All simple queue tests passed
test_binaries/test_deque.exe
Deque init test passed
Deque basic ops test passed
Deque underflow test passed
Deque overflow test passed
Deque wraparound test passed
All Deque tests passed
test_binaries/test_astar.exe
[Expansion] Popped Node 0 | g = 0, h = 6, f = 6
[Expansion] Popped Node 1 | g = 1, h = 5, f = 6
[Expansion] Popped Node 2 | g = 3, h = 3, f = 6
[Expansion] Popped Node 3 | g = 4, h = 2, f = 6
[Expansion] Popped Node 4 | g = 7, h = 0, f = 7
test_astar_simple_path passed
[Expansion] Popped Node 0 | g = 0, h = 4, f = 4
[Expansion] Popped Node 1 | g = 2, h = 2, f = 4
[Expansion] Popped Node 2 | g = 5, h = 1, f = 6
test_astar_unreachable passed
[Expansion] Popped Node 1 | g = 0, h = 0, f = 0
test_astar_same_source_dest passed
All A* Search tests passed
test_binaries/test_avl.exe
AVL init test passed
AVL rotation tests passed
AVL deletion test passed
All AVL Tree tests passed
test_binaries/test_greedy_bfs.exe
[Expansion] Popped Node 0 | h = 4
[Expansion] Popped Node 1 | h = 1
[Expansion] Popped Node 3 | h = 0
test_greedy_bfs_simple passed
[Expansion] Popped Node 0 | h = 2
[Expansion] Popped Node 1 | h = 1
test_greedy_bfs_unreachable passed
[Expansion] Popped Node 1 | h = 0
test_greedy_bfs_same_src_dest passed
All Greedy Best-First Search tests passed
test_binaries/test_sorting_n2.exe

final array sorted by bubble sort is - []
Total CPU time taken:- 0.000000 seconds
final array sorted by bubble sort is - [7]
Total CPU time taken:- 0.000000 seconds
final array sorted by bubble sort is - [1,2,3,4,5]
Total CPU time taken:- 0.000000 secondsafter iteration no 1 - [4,3,2,1,5]
after iteration no 2 - [3,2,1,4,5]
after iteration no 3 - [2,1,3,4,5]
after iteration no 4 - [1,2,3,4,5]

final array sorted by bubble sort is - [1,2,3,4,5]
Total CPU time taken:- 0.000000 secondsafter iteration no 1 - [1,4,2,1,3,4,4]
after iteration no 2 - [1,2,1,3,4,4,4]
after iteration no 3 - [1,1,2,3,4,4,4]

final array sorted by bubble sort is - [1,1,2,3,4,4,4]
Total CPU time taken:- 0.000000 secondsafter iteration no 1 - [-3,0,7,-10,5,2,-3,9]
after iteration no 2 - [-3,0,-10,5,2,-3,7,9]
after iteration no 3 - [-3,-10,0,2,-3,5,7,9]
after iteration no 4 - [-10,-3,0,-3,2,5,7,9]
after iteration no 5 - [-10,-3,-3,0,2,5,7,9]

final array sorted by bubble sort is - [-10,-3,-3,0,2,5,7,9]
Total CPU time taken:- 0.000000 secondsBubble sort tests passed

final array sorted by insertion sort - []
Total CPU time taken:- 0.000000 seconds
final array sorted by insertion sort - [7]
Total CPU time taken:- 0.000000 secondsafter iteration no 1 - [1,2,3,4,5]
after iteration no 2 - [1,2,3,4,5]
after iteration no 3 - [1,2,3,4,5]
after iteration no 4 - [1,2,3,4,5]

final array sorted by insertion sort - [1,2,3,4,5]
Total CPU time taken:- 0.000000 secondsafter iteration no 1 - [4,5,3,2,1]
after iteration no 2 - [3,4,5,2,1]
after iteration no 3 - [2,3,4,5,1]
after iteration no 4 - [1,2,3,4,5]

final array sorted by insertion sort - [1,2,3,4,5]
Total CPU time taken:- 0.000000 secondsafter iteration no 1 - [1,4,4,2,1,3,4]
after iteration no 2 - [1,4,4,2,1,3,4]
after iteration no 3 - [1,2,4,4,1,3,4]
after iteration no 4 - [1,1,2,4,4,3,4]
after iteration no 5 - [1,1,2,3,4,4,4]
after iteration no 6 - [1,1,2,3,4,4,4]

final array sorted by insertion sort - [1,1,2,3,4,4,4]
Total CPU time taken:- 0.000000 secondsafter iteration no 1 - [-3,9,0,7,-10,5,2,-3]
after iteration no 2 - [-3,0,9,7,-10,5,2,-3]
after iteration no 3 - [-3,0,7,9,-10,5,2,-3]
after iteration no 4 - [-10,-3,0,7,9,5,2,-3]
after iteration no 5 - [-10,-3,0,5,7,9,2,-3]
after iteration no 6 - [-10,-3,0,2,5,7,9,-3]
after iteration no 7 - [-10,-3,-3,0,2,5,7,9]

final array sorted by insertion sort - [-10,-3,-3,0,2,5,7,9]
Total CPU time taken:- 0.000000 secondsInsertion sort tests passed

final array sorted by selection sort is:- []
Total CPU time taken:- 0.000000 seconds
final array sorted by selection sort is:- [7]
Total CPU time taken:- 0.000000 seconds
final array sorted by selection sort is:- [1,2,3,4,5]
Total CPU time taken:- 0.000000 seconds
final array sorted by selection sort is:- [1,2,3,4,5]
Total CPU time taken:- 0.000000 seconds
final array sorted by selection sort is:- [1,1,2,3,4,4,4]
Total CPU time taken:- 0.000000 seconds
final array sorted by selection sort is:- [-10,-3,-3,0,2,5,7,9]
Total CPU time taken:- 0.000000 secondsSelection sort tests passed
All O(n^2) sorting tests passed
test_binaries/test_advanced_sorting.exe
Quick sort tests passed
Merge sort tests passed
Inserted :1
Before Heapify:

Array Representation: [1]
Heap Tree:
            1                    


Inserted :2
Before Heapify:

Array Representation: [1,2]
Heap Tree:
            1                    

        2               


Inserted :3
Before Heapify:

Array Representation: [1,2,3]
Heap Tree:
            1                    

        2               3               


Inserted :4
Before Heapify:

Array Representation: [1,2,3,4]
Heap Tree:
            1                    

        2               3               

    4          


Inserted :5
Before Heapify:

Array Representation: [1,2,3,4,5]
Heap Tree:
            1                    

        2               3               

    4          5          


Inserted :6
Before Heapify:

Array Representation: [1,2,3,4,5,6]
Heap Tree:
            1                    

        2               3               

    4          5          6          


Inserted :6
Before Heapify:

Array Representation: [6]
Heap Tree:
            6                    


Inserted :5
Before Heapify:

Array Representation: [6,5]
Heap Tree:
            6                    

        5               


Heapify Up : Swap(5<->6)

After Heapify:

Array Representation: [5,6]
Heap Tree:
            5                    

        6               


Inserted :4
Before Heapify:

Array Representation: [5,6,4]
Heap Tree:
            5                    

        6               4               


Heapify Up : Swap(4<->5)

After Heapify:

Array Representation: [4,6,5]
Heap Tree:
            4                    

        6               5               


Inserted :3
Before Heapify:

Array Representation: [4,6,5,3]
Heap Tree:
            4                    

        6               5               

    3          


Heapify Up : Swap(3<->6)

After Heapify:

Array Representation: [4,3,5,6]
Heap Tree:
            4                    

        3               5               

    6          


Heapify Up : Swap(3<->4)

After Heapify:

Array Representation: [3,4,5,6]
Heap Tree:
            3                    

        4               5               

    6          


Inserted :2
Before Heapify:

Array Representation: [3,4,5,6,2]
Heap Tree:
            3                    

        4               5               

    6          2          


Heapify Up : Swap(2<->4)

After Heapify:

Array Representation: [3,2,5,6,4]
Heap Tree:
            3                    

        2               5               

    6          4          


Heapify Up : Swap(2<->3)

After Heapify:

Array Representation: [2,3,5,6,4]
Heap Tree:
            2                    

        3               5               

    6          4          


Inserted :1
Before Heapify:

Array Representation: [2,3,5,6,4,1]
Heap Tree:
            2                    

        3               5               

    6          4          1          


Heapify Up : Swap(1<->5)

After Heapify:

Array Representation: [2,3,1,6,4,5]
Heap Tree:
            2                    

        3               1               

    6          4          5          


Heapify Up : Swap(1<->2)

After Heapify:

Array Representation: [1,3,2,6,4,5]
Heap Tree:
            1                    

        3               2               

    6          4          5          


Inserted :5
Before Heapify:

Array Representation: [5]
Heap Tree:
            5                    


Inserted :1
Before Heapify:

Array Representation: [5,1]
Heap Tree:
            5                    

        1               


Heapify Up : Swap(1<->5)

After Heapify:

Array Representation: [1,5]
Heap Tree:
            1                    

        5               


Inserted :5
Before Heapify:

Array Representation: [1,5,5]
Heap Tree:
            1                    

        5               5               


Inserted :2
Before Heapify:

Array Representation: [1,5,5,2]
Heap Tree:
            1                    

        5               5               

    2          


Heapify Up : Swap(2<->5)

After Heapify:

Array Representation: [1,2,5,5]
Heap Tree:
            1                    

        2               5               

    5          


Inserted :1
Before Heapify:

Array Representation: [1,2,5,5,1]
Heap Tree:
            1                    

        2               5               

    5          1          


Heapify Up : Swap(1<->2)

After Heapify:

Array Representation: [1,1,5,5,2]
Heap Tree:
            1                    

        1               5               

    5          2          


Inserted :3
Before Heapify:

Array Representation: [1,1,5,5,2,3]
Heap Tree:
            1                    

        1               5               

    5          2          3          


Heapify Up : Swap(3<->5)

After Heapify:

Array Representation: [1,1,3,5,2,5]
Heap Tree:
            1                    

        1               3               

    5          2          5          


Inserted :5
Before Heapify:

Array Representation: [1,1,3,5,2,5,5]
Heap Tree:
            1                    

        1               3               

    5          2          5          5          


Inserted :2
Before Heapify:

Array Representation: [1,1,3,5,2,5,5,2]
Heap Tree:
            1                    

        1               3               

    5          2          5          5          

2     


Heapify Up : Swap(2<->5)

After Heapify:

Array Representation: [1,1,3,2,2,5,5,5]
Heap Tree:
            1                    

        1               3               

    2          2          5          5          

5     


Inserted :170
Before Heapify:

Array Representation: [170]
Heap Tree:
            170                    


Inserted :45
Before Heapify:

Array Representation: [170,45]
Heap Tree:
            170                    

        45               


Heapify Up : Swap(45<->170)

After Heapify:

Array Representation: [45,170]
Heap Tree:
            45                    

        170               


Inserted :75
Before Heapify:

Array Representation: [45,170,75]
Heap Tree:
            45                    

        170               75               


Inserted :90
Before Heapify:

Array Representation: [45,170,75,90]
Heap Tree:
            45                    

        170               75               

    90          


Heapify Up : Swap(90<->170)

After Heapify:

Array Representation: [45,90,75,170]
Heap Tree:
            45                    

        90               75               

    170          


Inserted :2
Before Heapify:

Array Representation: [45,90,75,170,2]
Heap Tree:
            45                    

        90               75               

    170          2          


Heapify Up : Swap(2<->90)

After Heapify:

Array Representation: [45,2,75,170,90]
Heap Tree:
            45                    

        2               75               

    170          90          


Heapify Up : Swap(2<->45)

After Heapify:

Array Representation: [2,45,75,170,90]
Heap Tree:
            2                    

        45               75               

    170          90          


Inserted :802
Before Heapify:

Array Representation: [2,45,75,170,90,802]
Heap Tree:
            2                    

        45               75               

    170          90          802          


Inserted :24
Before Heapify:

Array Representation: [2,45,75,170,90,802,24]
Heap Tree:
            2                    

        45               75               

    170          90          802          24          


Heapify Up : Swap(24<->75)

After Heapify:

Array Representation: [2,45,24,170,90,802,75]
Heap Tree:
            2                    

        45               24               

    170          90          802          75          


Inserted :66
Before Heapify:

Array Representation: [2,45,24,170,90,802,75,66]
Heap Tree:
            2                    

        45               24               

    170          90          802          75          

66     


Heapify Up : Swap(66<->170)

After Heapify:

Array Representation: [2,45,24,66,90,802,75,170]
Heap Tree:
            2                    

        45               24               

    66          90          802          75          

170     


Inserted :1
Before Heapify:

Array Representation: [2,45,24,66,90,802,75,170,1]
Heap Tree:
            2                    

        45               24               

    66          90          802          75          

170     1     


Heapify Up : Swap(1<->66)

After Heapify:

Array Representation: [2,45,24,1,90,802,75,170,66]
Heap Tree:
            2                    

        45               24               

    1          90          802          75          

170     66     


Heapify Up : Swap(1<->45)

After Heapify:

Array Representation: [2,1,24,45,90,802,75,170,66]
Heap Tree:
            2                    

        1               24               

    45          90          802          75          

170     66     


Heapify Up : Swap(1<->2)

After Heapify:

Array Representation: [1,2,24,45,90,802,75,170,66]
Heap Tree:
            1                    

        2               24               

    45          90          802          75          

170     66     


Heap sort tests passed
Radix sort tests passed
Bucket sort tests passed
All advanced sorting tests passed
test_binaries/test_history_logger.exe
History logger tests passed successfully!
test_binaries/test_shell_sort.exe
after gap of 2 - [3,2,12,34,54]
after gap of 1 - [2,3,12,34,54]

final array sorted by shell sort - [2,3,12,34,54]
Total CPU time taken:- 0.000000 secondstest_shell_sort_basic passed
after gap of 2 - [2,2,4,3,4]
after gap of 1 - [2,2,3,4,4]

final array sorted by shell sort - [2,2,3,4,4]
Total CPU time taken:- 0.000000 secondstest_shell_sort_duplicates passed
after gap of 2 - [-5,0,-3,10,-1]
after gap of 1 - [-5,-3,-1,0,10]

final array sorted by shell sort - [-5,-3,-1,0,10]
Total CPU time taken:- 0.000000 secondstest_shell_sort_negatives passed

final array sorted by shell sort - [42]
Total CPU time taken:- 0.000000 secondstest_shell_sort_single_element passed
All Shell Sort tests passed
test_binaries/test_trie.exe
trie insert and search test passed
trie prefix test passed
trie delete test passed
trie delete nonexistent test passed
trie null guard test passed
trie prefix survives delete test passed
All trie tests passed
test_binaries/test_btree.exe
btree insert and search test passed
btree duplicate insert test passed
btree empty tree test passed
btree split test passed
btree delete leaf key test passed
btree delete nonexistent key test passed
btree delete internal key test passed
btree traversal output: 10 20 30 
btree traverse test passed
btree stress test passed
All btree tests passed
test_binaries/test_bplus_tree.exe
test_basic_search passed
test_leaf_splits passed
test_internal_splits passed
test_leaf_linking passed
Range query [3, 7] output: [3: 30] [4: 40] [5: 50] [6: 60] [7: 70] 
Range query [0, 15] output: [1: 10] [2: 20] [3: 30] [4: 40] [5: 50] [6: 60] [7: 70] [8: 80] [9: 90] [10: 100] 
test_range_query passed
test_borrow_and_merge passed
All B+ Tree tests passed successfully!
test_binaries/test_parity_bit.exe
test_parity_invalid_inputs passed
test_parity_generation passed
test_parity_verification_and_errors passed
test_parity_multiple_lengths passed
All parity bit tests passed successfully!
test_binaries/test_prim.exe

Edges in the Minimum Spanning Tree (Prim's Algorithm):
Source -- Destination == Weight
------------------------------
  0    --      3      ==   5
  3    --      2      ==   4
  0    --      1      ==   10

Total Weight of MST: 19
Total CPU time taken: 0.000000 seconds
test_prim_simple passed

Edges in the Minimum Spanning Tree (Prim's Algorithm):
Source -- Destination == Weight
------------------------------
  0    --      1      ==   10

Warning: The graph is disconnected. The result is a Minimum Spanning Forest.

Total Weight of MST: 10
Total CPU time taken: 0.000000 seconds
test_prim_disconnected passed
All Prim's MST tests passed
test_binaries/test_kruskal.exe

Edges in the Minimum Spanning Tree (Kruskal's Algorithm):
Source -- Destination == Weight
------------------------------
  2    --      3      ==   4
  3    --      0      ==   5
  1    --      0      ==   10

Total Weight of MST: 19
Total CPU time taken: 0.000000 seconds
test_kruskal_simple passed

Edges in the Minimum Spanning Tree (Kruskal's Algorithm):
Source -- Destination == Weight
------------------------------
  2    --      3      ==   5
  1    --      0      ==   10

Warning: The graph is disconnected. The result is a Minimum Spanning Forest.

Total Weight of MST: 15
Total CPU time taken: 0.000000 seconds
test_kruskal_disconnected passed
All Kruskal's MST tests passed
test_binaries/test_floyd_warshall.exe
Floyd-Warshall standard graph test passed
Floyd-Warshall negative weights test passed
Floyd-Warshall disconnected graph test passed
All Floyd-Warshall tests passed
test_binaries/test_mcm.exe
test_mcm_trivial passed

m-table (DP Lookup Table - Minimum Multiplications):
0         6000      
-         0         

s-table (Bracket/Parenthesization Split Table):
-    1    
-    -    

Optimal Parenthesization: (AB)
test_mcm_single_multiplication passed

m-table (DP Lookup Table - Minimum Multiplications):
0         24000     14000     26000     
-         0         6000      12000     
-         -         0         9000      
-         -         -         0         

s-table (Bracket/Parenthesization Split Table):
-    1    1    3    
-    -    2    3    
-    -    -    3    
-    -    -    -    

Optimal Parenthesization: ((A(BC))D)
test_mcm_four_matrices passed

m-table (DP Lookup Table - Minimum Multiplications):
0         6000      18000     30000     
-         0         24000     48000     
-         -         0         36000     
-         -         -         0         

s-table (Bracket/Parenthesization Split Table):
-    1    2    3    
-    -    2    3    
-    -    -    3    
-    -    -    -    

Optimal Parenthesization: (((AB)C)D)
test_mcm_another_four_matrices passed
All Matrix Chain Multiplication tests passed successfully!
test_binaries/test_string_algorithms.exe
make : Assertion failed: tmp != NULL, file tests/string_algorithms/test_string_algorithms.c, line 19
At line:1 char:1
+ make test > test.log 2>&1
+ ~~~~~~~~~~~~~~~~~~~~~~~~~
    + CategoryInfo          : NotSpecified: (Assertion faile...thms.c, line 19:String) [], RemoteExceptio 
   n
    + FullyQualifiedErrorId : NativeCommandError
 
make: *** [Makefile:328: test_string_algorithms] Error 3
